2026-04-15T15:23:52.809+07:00  INFO 25368 --- [product-service] [main] c.e.product.ProductServiceApplication    : Starting ProductServiceApplication v0.0.1-SNAPSHOT using Java 17.0.9 with PID 25368 (C:\Users\Admin\OneDrive\Desktop\demo\product-service\target\product-service-0.0.1-SNAPSHOT.war started by Admin in C:\Users\Admin\OneDrive\Desktop\demo)
2026-04-15T15:23:52.815+07:00  INFO 25368 --- [product-service] [main] c.e.product.ProductServiceApplication    : No active profile set, falling back to 1 default profile: "default"
2026-04-15T15:24:05.239+07:00  WARN 25368 --- [product-service] [main] ConfigServletWebServerApplicationContext : Exception encountered during context initialization - cancelling refresh attempt: org.springframework.context.ApplicationContextException: Failed to start bean 'webServerStartStop'
2026-04-15T15:24:05.352+07:00 ERROR 25368 --- [product-service] [main] o.s.b.d.LoggingFailureAnalysisReporter   : 

***************************
APPLICATION FAILED TO START
***************************

Description:

Web server failed to start. Port 8081 was already in use.

Action:

Identify and stop the process that's listening on port 8081 or configure this application to listen on another port.

2026-04-15T15:24:43.335+07:00  INFO 26124 --- [product-service] [main] c.e.product.ProductServiceApplication    : Starting ProductServiceApplication v0.0.1-SNAPSHOT using Java 17.0.9 with PID 26124 (C:\Users\Admin\OneDrive\Desktop\demo\product-service\target\product-service-0.0.1-SNAPSHOT.war started by Admin in C:\Users\Admin\OneDrive\Desktop\demo)
2026-04-15T15:24:43.340+07:00  INFO 26124 --- [product-service] [main] c.e.product.ProductServiceApplication    : No active profile set, falling back to 1 default profile: "default"
2026-04-15T15:24:55.865+07:00  WARN 26124 --- [product-service] [main] ConfigServletWebServerApplicationContext : Exception encountered during context initialization - cancelling refresh attempt: org.springframework.context.ApplicationContextException: Failed to start bean 'webServerStartStop'
2026-04-15T15:24:55.997+07:00 ERROR 26124 --- [product-service] [main] o.s.b.d.LoggingFailureAnalysisReporter   : 

***************************
APPLICATION FAILED TO START
***************************

Description:

Web server failed to start. Port 8081 was already in use.

Action:

Identify and stop the process that's listening on port 8081 or configure this application to listen on another port.

2026-04-15T15:25:43.781+07:00  INFO 33576 --- [product-service] [main] c.e.product.ProductServiceApplication    : Starting ProductServiceApplication v0.0.1-SNAPSHOT using Java 17.0.9 with PID 33576 (C:\Users\Admin\OneDrive\Desktop\demo\product-service\target\product-service-0.0.1-SNAPSHOT.war started by Admin in C:\Users\Admin\OneDrive\Desktop\demo)
2026-04-15T15:25:43.791+07:00  INFO 33576 --- [product-service] [main] c.e.product.ProductServiceApplication    : No active profile set, falling back to 1 default profile: "default"
2026-04-15T15:25:56.749+07:00  WARN 33576 --- [product-service] [main] ConfigServletWebServerApplicationContext : Exception encountered during context initialization - cancelling refresh attempt: org.springframework.context.ApplicationContextException: Failed to start bean 'webServerStartStop'
2026-04-15T15:25:56.895+07:00 ERROR 33576 --- [product-service] [main] o.s.b.d.LoggingFailureAnalysisReporter   : 

***************************
APPLICATION FAILED TO START
***************************

Description:

Web server failed to start. Port 8081 was already in use.

Action:

Identify and stop the process that's listening on port 8081 or configure this application to listen on another port.

2026-04-15T15:27:39.018+07:00  INFO 6612 --- [product-service] [main] c.e.product.ProductServiceApplication    : Starting ProductServiceApplication v0.0.1-SNAPSHOT using Java 17.0.9 with PID 6612 (C:\Users\Admin\OneDrive\Desktop\demo\product-service\target\product-service-0.0.1-SNAPSHOT.war started by Admin in C:\Users\Admin\OneDrive\Desktop\demo)
2026-04-15T15:27:39.024+07:00  INFO 6612 --- [product-service] [main] c.e.product.ProductServiceApplication    : No active profile set, falling back to 1 default profile: "default"
2026-04-15T15:27:55.355+07:00  WARN 6612 --- [product-service] [main] ConfigServletWebServerApplicationContext : Exception encountered during context initialization - cancelling refresh attempt: org.springframework.context.ApplicationContextException: Failed to start bean 'webServerStartStop'
2026-04-15T15:27:55.514+07:00 ERROR 6612 --- [product-service] [main] o.s.b.d.LoggingFailureAnalysisReporter   : 

***************************
APPLICATION FAILED TO START
***************************

Description:

Web server failed to start. Port 8081 was already in use.

Action:

Identify and stop the process that's listening on port 8081 or configure this application to listen on another port.

2026-04-15T15:29:03.395+07:00  INFO 9244 --- [product-service] [main] c.e.product.ProductServiceApplication    : Starting ProductServiceApplication v0.0.1-SNAPSHOT using Java 17.0.9 with PID 9244 (C:\Users\Admin\OneDrive\Desktop\demo\product-service\target\product-service-0.0.1-SNAPSHOT.war started by Admin in C:\Users\Admin\OneDrive\Desktop\demo)
2026-04-15T15:29:03.410+07:00  INFO 9244 --- [product-service] [main] c.e.product.ProductServiceApplication    : No active profile set, falling back to 1 default profile: "default"
2026-04-15T15:29:18.171+07:00  WARN 9244 --- [product-service] [main] ConfigServletWebServerApplicationContext : Exception encountered during context initialization - cancelling refresh attempt: org.springframework.context.ApplicationContextException: Failed to start bean 'webServerStartStop'
2026-04-15T15:29:18.363+07:00 ERROR 9244 --- [product-service] [main] o.s.b.d.LoggingFailureAnalysisReporter   : 

***************************
APPLICATION FAILED TO START
***************************

Description:

Web server failed to start. Port 8081 was already in use.

Action:

Identify and stop the process that's listening on port 8081 or configure this application to listen on another port.

2026-04-15T15:29:59.013+07:00  INFO 25544 --- [product-service] [main] c.e.product.ProductServiceApplication    : Starting ProductServiceApplication v0.0.1-SNAPSHOT using Java 17.0.9 with PID 25544 (C:\Users\Admin\OneDrive\Desktop\demo\product-service\target\product-service-0.0.1-SNAPSHOT.war started by Admin in C:\Users\Admin\OneDrive\Desktop\demo)
2026-04-15T15:29:59.022+07:00  INFO 25544 --- [product-service] [main] c.e.product.ProductServiceApplication    : No active profile set, falling back to 1 default profile: "default"
2026-04-15T15:30:11.299+07:00  WARN 25544 --- [product-service] [main] ConfigServletWebServerApplicationContext : Exception encountered during context initialization - cancelling refresh attempt: org.springframework.context.ApplicationContextException: Failed to start bean 'webServerStartStop'
2026-04-15T15:30:11.438+07:00 ERROR 25544 --- [product-service] [main] o.s.b.d.LoggingFailureAnalysisReporter   : 

***************************
APPLICATION FAILED TO START
***************************

Description:

Web server failed to start. Port 8081 was already in use.

Action:

Identify and stop the process that's listening on port 8081 or configure this application to listen on another port.

2026-04-15T15:30:41.172+07:00  INFO 21548 --- [product-service] [main] c.e.product.ProductServiceApplication    : Starting ProductServiceApplication v0.0.1-SNAPSHOT using Java 17.0.9 with PID 21548 (C:\Users\Admin\OneDrive\Desktop\demo\product-service\target\product-service-0.0.1-SNAPSHOT.war started by Admin in C:\Users\Admin\OneDrive\Desktop\demo)
2026-04-15T15:30:41.172+07:00  INFO 21548 --- [product-service] [main] c.e.product.ProductServiceApplication    : No active profile set, falling back to 1 default profile: "default"
2026-04-15T15:30:56.157+07:00  INFO 21548 --- [product-service] [main] c.e.product.ProductServiceApplication    : Started ProductServiceApplication in 16.171 seconds (process running for 17.558)
2026-04-15T15:34:48.160+07:00  INFO 21548 --- [product-service] [http-nio-9091-exec-1] o.s.web.servlet.DispatcherServlet        : Initializing Servlet 'dispatcherServlet'
2026-04-15T15:34:48.161+07:00  INFO 21548 --- [product-service] [http-nio-9091-exec-1] o.s.web.servlet.DispatcherServlet        : Completed initialization in 1 ms
2026-04-15T15:34:53.267+07:00  INFO 21548 --- [product-service] [http-nio-9091-exec-4] c.e.p.controller.ProductController       : GET /api/products
2026-04-15T15:34:56.453+07:00  INFO 21548 --- [product-service] [http-nio-9091-exec-5] c.e.p.controller.CategoryController      : GET /api/categories
2026-04-15T15:35:04.797+07:00  INFO 21548 --- [product-service] [http-nio-9091-exec-6] c.e.p.controller.CategoryController      : GET /api/categories/5/attributes
2026-04-15T15:35:06.103+07:00  INFO 21548 --- [product-service] [http-nio-9091-exec-7] c.e.p.controller.ProductController       : [ADMIN] POST /api/products - tao san pham | name='ha', categoryId=5
2026-04-15T15:35:06.104+07:00  INFO 21548 --- [product-service] [http-nio-9091-exec-7] c.e.product.service.ProductService       : Creating product: name='ha', categoryId=5, fixedAttrs=0, extraAttrs=0
2026-04-15T15:35:06.242+07:00  INFO 21548 --- [product-service] [http-nio-9091-exec-7] c.e.product.service.ProductService       : [ADMIN] Product created: id=10, name='ha', category='Do gia dung', stock=10, attributes=0
2026-04-15T15:35:06.262+07:00  INFO 21548 --- [product-service] [http-nio-9091-exec-7] c.e.p.controller.ProductController       : [ADMIN] POST /api/products - tao thanh cong | id=10
2026-04-15T15:35:06.282+07:00  INFO 21548 --- [product-service] [http-nio-9091-exec-8] c.e.p.controller.ProductController       : GET /api/products
2026-04-15T15:35:13.386+07:00  INFO 21548 --- [product-service] [http-nio-9091-exec-9] c.e.p.controller.ProductController       : [ADMIN] DELETE /api/products/10 - xoa san pham
2026-04-15T15:35:13.459+07:00  INFO 21548 --- [product-service] [http-nio-9091-exec-9] c.e.product.service.ProductService       : [ADMIN] Product deleted: id=10
